---
source: crates/server/tests/grammar/alpha060.rs
assertion_line: 602
expression: parse_unwrap(&tokenize(input))
---
[
    (
        FunctionDefinition(
            [],
            (
                false,
                5..37,
            ),
            (
                "fun",
                5..8,
            ),
            (
                "foo",
                9..12,
            ),
            [
                (
                    Typed(
                        (
                            false,
                            13..13,
                        ),
                        (
                            "x",
                            13..14,
                        ),
                        (
                            [Num? | Int],
                            16..28,
                        ),
                    ),
                    13..28,
                ),
            ],
            None,
            [],
        ),
        5..37,
    ),
]
