---
source: crates/server/tests/grammar/alpha060.rs
expression: result
---
(
    Some(
        [
            (
                Import(
                    (
                        false,
                        5..11,
                    ),
                    (
                        "import",
                        5..11,
                    ),
                    (
                        ImportSpecific(
                            [
                                (
                                    "array_contains",
                                    14..28,
                                ),
                            ],
                        ),
                        12..30,
                    ),
                    (
                        "from",
                        31..35,
                    ),
                    (
                        "std/array",
                        36..47,
                    ),
                ),
                5..47,
            ),
            (
                Statement(
                    (
                        VariableInit(
                            (
                                "let",
                                53..56,
                            ),
                            (
                                "x",
                                57..58,
                            ),
                            (
                                Expression(
                                    (
                                        Array(
                                            [
                                                (
                                                    Int(
                                                        (
                                                            1,
                                                            62..63,
                                                        ),
                                                    ),
                                                    62..63,
                                                ),
                                                (
                                                    Int(
                                                        (
                                                            2,
                                                            65..66,
                                                        ),
                                                    ),
                                                    65..66,
                                                ),
                                                (
                                                    Int(
                                                        (
                                                            3,
                                                            68..69,
                                                        ),
                                                    ),
                                                    68..69,
                                                ),
                                            ],
                                        ),
                                        61..70,
                                    ),
                                ),
                                61..70,
                            ),
                        ),
                        53..70,
                    ),
                ),
                53..70,
            ),
            (
                Statement(
                    (
                        VariableInit(
                            (
                                "let",
                                75..78,
                            ),
                            (
                                "y",
                                79..80,
                            ),
                            (
                                Expression(
                                    (
                                        Int(
                                            (
                                                2,
                                                83..84,
                                            ),
                                        ),
                                        83..84,
                                    ),
                                ),
                                83..84,
                            ),
                        ),
                        75..84,
                    ),
                ),
                75..84,
            ),
            (
                Statement(
                    (
                        Expression(
                            (
                                FunctionInvocation(
                                    [],
                                    (
                                        "echo",
                                        90..94,
                                    ),
                                    [
                                        (
                                            Var(
                                                (
                                                    "array_contains",
                                                    95..109,
                                                ),
                                            ),
                                            95..109,
                                        ),
                                    ],
                                    [],
                                ),
                                90..110,
                            ),
                        ),
                        90..110,
                    ),
                ),
                90..110,
            ),
            (
                Statement(
                    (
                        Expression(
                            (
                                Parentheses(
                                    (
                                        Var(
                                            (
                                                "x",
                                                111..112,
                                            ),
                                        ),
                                        111..112,
                                    ),
                                ),
                                110..112,
                            ),
                        ),
                        110..112,
                    ),
                ),
                110..112,
            ),
            (
                Statement(
                    (
                        Error,
                        112..113,
                    ),
                ),
                112..113,
            ),
            (
                Statement(
                    (
                        Expression(
                            (
                                Var(
                                    (
                                        "y",
                                        114..115,
                                    ),
                                ),
                                114..115,
                            ),
                        ),
                        114..115,
                    ),
                ),
                114..115,
            ),
            (
                Statement(
                    (
                        Error,
                        115..116,
                    ),
                ),
                115..116,
            ),
            (
                Statement(
                    (
                        VariableInit(
                            (
                                "let",
                                122..125,
                            ),
                            (
                                "line",
                                126..130,
                            ),
                            (
                                Expression(
                                    (
                                        Int(
                                            (
                                                213,
                                                133..136,
                                            ),
                                        ),
                                        133..136,
                                    ),
                                ),
                                133..136,
                            ),
                        ),
                        122..136,
                    ),
                ),
                122..136,
            ),
            (
                Statement(
                    (
                        IterLoop(
                            (
                                "for",
                                142..145,
                            ),
                            (
                                WithIndex(
                                    (
                                        "idx",
                                        146..149,
                                    ),
                                    (
                                        "line",
                                        151..155,
                                    ),
                                ),
                                146..155,
                            ),
                            (
                                "in",
                                156..158,
                            ),
                            (
                                FunctionInvocation(
                                    [],
                                    (
                                        "lines",
                                        159..164,
                                    ),
                                    [
                                        (
                                            Text(
                                                [
                                                    (
                                                        Text(
                                                            (
                                                                "text.txt",
                                                                166..174,
                                                            ),
                                                        ),
                                                        166..174,
                                                    ),
                                                ],
                                            ),
                                            165..175,
                                        ),
                                    ],
                                    [],
                                ),
                                159..176,
                            ),
                            (
                                Block(
                                    [],
                                    [
                                        (
                                            Expression(
                                                (
                                                    FunctionInvocation(
                                                        [],
                                                        (
                                                            "echo",
                                                            185..189,
                                                        ),
                                                        [
                                                            (
                                                                Var(
                                                                    (
                                                                        "line",
                                                                        190..194,
                                                                    ),
                                                                ),
                                                                190..194,
                                                            ),
                                                        ],
                                                        [],
                                                    ),
                                                    185..195,
                                                ),
                                            ),
                                            185..195,
                                        ),
                                    ],
                                ),
                                177..201,
                            ),
                        ),
                        142..201,
                    ),
                ),
                142..201,
            ),
            (
                Statement(
                    (
                        Comment(
                            (
                                Comment(
                                    "fun foo(x: Num, y: Text) {",
                                ),
                                207..237,
                            ),
                        ),
                        207..237,
                    ),
                ),
                207..237,
            ),
            (
                Statement(
                    (
                        Comment(
                            (
                                Comment(
                                    "}",
                                ),
                                242..247,
                            ),
                        ),
                        242..247,
                    ),
                ),
                242..247,
            ),
            (
                FunctionDefinition(
                    [],
                    (
                        false,
                        252..247,
                    ),
                    (
                        "fun",
                        252..255,
                    ),
                    (
                        "foo",
                        256..259,
                    ),
                    [
                        (
                            Typed(
                                (
                                    false,
                                    260..260,
                                ),
                                (
                                    "x",
                                    260..261,
                                ),
                                (
                                    Num,
                                    263..266,
                                ),
                            ),
                            260..266,
                        ),
                        (
                            Typed(
                                (
                                    false,
                                    268..267,
                                ),
                                (
                                    "y",
                                    268..269,
                                ),
                                (
                                    Text,
                                    271..275,
                                ),
                            ),
                            268..275,
                        ),
                    ],
                    None,
                    [],
                ),
                252..284,
            ),
            (
                Statement(
                    (
                        Comment(
                            (
                                Comment(
                                    "fun abc() {}",
                                ),
                                290..306,
                            ),
                        ),
                        290..306,
                    ),
                ),
                290..306,
            ),
            (
                Statement(
                    (
                        Expression(
                            (
                                FunctionInvocation(
                                    [],
                                    (
                                        "array_contains",
                                        311..325,
                                    ),
                                    [
                                        (
                                            Array(
                                                [
                                                    (
                                                        Int(
                                                            (
                                                                1,
                                                                327..328,
                                                            ),
                                                        ),
                                                        327..328,
                                                    ),
                                                    (
                                                        Int(
                                                            (
                                                                2,
                                                                330..331,
                                                            ),
                                                        ),
                                                        330..331,
                                                    ),
                                                    (
                                                        Int(
                                                            (
                                                                3,
                                                                333..334,
                                                            ),
                                                        ),
                                                        333..334,
                                                    ),
                                                ],
                                            ),
                                            326..335,
                                        ),
                                    ],
                                    [],
                                ),
                                311..337,
                            ),
                        ),
                        311..337,
                    ),
                ),
                311..337,
            ),
        ],
    ),
    [
        found '","' at 112..113 expected '"("', '"["', '"as"', '"is"', '"*"', '"/"', '"%"', '"+"', '"-"', '">="', '">"', '"<="', '"<"', '"=="', '"!="', '"and"', '"or"', '".."', '"then"', or '")"',
        found '","' at 112..113 expected something else, '")"', '"["', '"as"', '"is"', '"*"', '"/"', '"%"', '"+"', '"-"', '">="', '">"', '"<="', '"<"', '"=="', '"!="', '"and"', '"or"', '".."', '"then"', '";"', import statement, function definition, main body, public const declaration, public variable declaration, or statement,
        found '")"' at 115..116 expected '"("', '"["', '"as"', '"is"', '"*"', '"/"', '"%"', '"+"', '"-"', '">="', '">"', '"<="', '"<"', '"=="', '"!="', '"and"', '"or"', '".."', '"then"', '"+="', '"-="', '"*="', '"/="', '"%="', '"="', '";"', import statement, function definition, main body, public const declaration, public variable declaration, or statement,
    ],
)
