---
source: tests/grammar/alpha040.rs
expression: "compiler.tokenize(r#\"\"test\\\"\"#)"
---
[
    (
        Token(
            "\"",
        ),
        0..1,
    ),
    (
        Token(
            "test",
        ),
        1..5,
    ),
    (
        Token(
            "\\\"",
        ),
        5..7,
    ),
]
