---
source: tests/grammar/alpha034.rs
expression: "parse_unwrap(&tokenize(\".23\"))"
---
[
    (
        Statement(
            (
                Expression(
                    (
                        Number(
                            (
                                0.23,
                                0..3,
                            ),
                        ),
                        0..3,
                    ),
                ),
                0..3,
            ),
        ),
        0..3,
    ),
]
