---
source: crates/server/tests/grammar/alpha060.rs
expression: tokens
---
[
    (
        Token(
            "import",
        ),
        5..11,
    ),
    (
        Token(
            "{",
        ),
        12..13,
    ),
    (
        Token(
            "array_contains",
        ),
        14..28,
    ),
    (
        Token(
            "}",
        ),
        29..30,
    ),
    (
        Token(
            "from",
        ),
        31..35,
    ),
    (
        Token(
            "\"",
        ),
        36..37,
    ),
    (
        Token(
            "std/array",
        ),
        37..46,
    ),
    (
        Token(
            "\"",
        ),
        46..47,
    ),
    (
        Token(
            "let",
        ),
        53..56,
    ),
    (
        Token(
            "x",
        ),
        57..58,
    ),
    (
        Token(
            "=",
        ),
        59..60,
    ),
    (
        Token(
            "[",
        ),
        61..62,
    ),
    (
        Token(
            "1",
        ),
        62..63,
    ),
    (
        Token(
            ",",
        ),
        63..64,
    ),
    (
        Token(
            "2",
        ),
        65..66,
    ),
    (
        Token(
            ",",
        ),
        66..67,
    ),
    (
        Token(
            "3",
        ),
        68..69,
    ),
    (
        Token(
            "]",
        ),
        69..70,
    ),
    (
        Token(
            "let",
        ),
        75..78,
    ),
    (
        Token(
            "y",
        ),
        79..80,
    ),
    (
        Token(
            "=",
        ),
        81..82,
    ),
    (
        Token(
            "2",
        ),
        83..84,
    ),
    (
        Token(
            "echo",
        ),
        90..94,
    ),
    (
        Token(
            "(",
        ),
        94..95,
    ),
    (
        Token(
            "array_contains",
        ),
        95..109,
    ),
    (
        Token(
            ")",
        ),
        109..110,
    ),
    (
        Token(
            "(",
        ),
        110..111,
    ),
    (
        Token(
            "x",
        ),
        111..112,
    ),
    (
        Token(
            ",",
        ),
        112..113,
    ),
    (
        Token(
            "y",
        ),
        114..115,
    ),
    (
        Token(
            ")",
        ),
        115..116,
    ),
    (
        Token(
            "let",
        ),
        122..125,
    ),
    (
        Token(
            "line",
        ),
        126..130,
    ),
    (
        Token(
            "=",
        ),
        131..132,
    ),
    (
        Token(
            "213",
        ),
        133..136,
    ),
    (
        Token(
            "for",
        ),
        142..145,
    ),
    (
        Token(
            "idx",
        ),
        146..149,
    ),
    (
        Token(
            ",",
        ),
        149..150,
    ),
    (
        Token(
            "line",
        ),
        151..155,
    ),
    (
        Token(
            "in",
        ),
        156..158,
    ),
    (
        Token(
            "lines",
        ),
        159..164,
    ),
    (
        Token(
            "(",
        ),
        164..165,
    ),
    (
        Token(
            "\"",
        ),
        165..166,
    ),
    (
        Token(
            "text.txt",
        ),
        166..174,
    ),
    (
        Token(
            "\"",
        ),
        174..175,
    ),
    (
        Token(
            ")",
        ),
        175..176,
    ),
    (
        Token(
            "{",
        ),
        177..178,
    ),
    (
        Token(
            "echo",
        ),
        185..189,
    ),
    (
        Token(
            "(",
        ),
        189..190,
    ),
    (
        Token(
            "line",
        ),
        190..194,
    ),
    (
        Token(
            ")",
        ),
        194..195,
    ),
    (
        Token(
            "}",
        ),
        200..201,
    ),
    (
        Token(
            "// fun foo(x: Num, y: Text) {\n",
        ),
        207..237,
    ),
    (
        Token(
            "// }\n",
        ),
        242..247,
    ),
    (
        Token(
            "fun",
        ),
        252..255,
    ),
    (
        Token(
            "foo",
        ),
        256..259,
    ),
    (
        Token(
            "(",
        ),
        259..260,
    ),
    (
        Token(
            "x",
        ),
        260..261,
    ),
    (
        Token(
            ":",
        ),
        261..262,
    ),
    (
        Token(
            "Num",
        ),
        263..266,
    ),
    (
        Token(
            ",",
        ),
        266..267,
    ),
    (
        Token(
            "y",
        ),
        268..269,
    ),
    (
        Token(
            ":",
        ),
        269..270,
    ),
    (
        Token(
            "Text",
        ),
        271..275,
    ),
    (
        Token(
            ")",
        ),
        275..276,
    ),
    (
        Token(
            "{",
        ),
        277..278,
    ),
    (
        Token(
            "}",
        ),
        283..284,
    ),
    (
        Token(
            "// fun abc() {}\n",
        ),
        290..306,
    ),
    (
        Token(
            "array_contains",
        ),
        311..325,
    ),
    (
        Token(
            "(",
        ),
        325..326,
    ),
    (
        Token(
            "[",
        ),
        326..327,
    ),
    (
        Token(
            "1",
        ),
        327..328,
    ),
    (
        Token(
            ",",
        ),
        328..329,
    ),
    (
        Token(
            "2",
        ),
        330..331,
    ),
    (
        Token(
            ",",
        ),
        331..332,
    ),
    (
        Token(
            "3",
        ),
        333..334,
    ),
    (
        Token(
            "]",
        ),
        334..335,
    ),
    (
        Token(
            ",",
        ),
        335..336,
    ),
    (
        Token(
            ")",
        ),
        336..337,
    ),
]
