---
source: tests/grammar/alpha050.rs
expression: parse(&tokenize(input))
---
(
    Some(
        [
            (
                Statement(
                    (
                        IfChain(
                            (
                                "if",
                                5..7,
                            ),
                            [
                                (
                                    IfCondition(
                                        (
                                            IfCondition(
                                                (
                                                    Eq(
                                                        (
                                                            Int(
                                                                (
                                                                    1,
                                                                    18..19,
                                                                ),
                                                            ),
                                                            18..19,
                                                        ),
                                                        (
                                                            Int(
                                                                (
                                                                    2,
                                                                    23..24,
                                                                ),
                                                            ),
                                                            23..24,
                                                        ),
                                                    ),
                                                    18..24,
                                                ),
                                                (
                                                    Singleline(
                                                        (
                                                            Echo(
                                                                (
                                                                    "echo",
                                                                    26..30,
                                                                ),
                                                                (
                                                                    Text(
                                                                        [
                                                                            (
                                                                                Text(
                                                                                    (
                                                                                        "x",
                                                                                        32..33,
                                                                                    ),
                                                                                ),
                                                                                32..33,
                                                                            ),
                                                                        ],
                                                                    ),
                                                                    31..34,
                                                                ),
                                                            ),
                                                            26..34,
                                                        ),
                                                    ),
                                                    24..34,
                                                ),
                                            ),
                                            18..34,
                                        ),
                                    ),
                                    18..34,
                                ),
                                (
                                    IfCondition(
                                        (
                                            Comment(
                                                (
                                                    Comment(
                                                        "test comment",
                                                    ),
                                                    35..51,
                                                ),
                                            ),
                                            35..51,
                                        ),
                                    ),
                                    35..51,
                                ),
                                (
                                    IfCondition(
                                        (
                                            Comment(
                                                (
                                                    Comment(
                                                        "another comment",
                                                    ),
                                                    59..78,
                                                ),
                                            ),
                                            59..78,
                                        ),
                                    ),
                                    59..78,
                                ),
                                (
                                    IfCondition(
                                        (
                                            IfCondition(
                                                (
                                                    Eq(
                                                        (
                                                            Int(
                                                                (
                                                                    2,
                                                                    86..87,
                                                                ),
                                                            ),
                                                            86..87,
                                                        ),
                                                        (
                                                            Int(
                                                                (
                                                                    2,
                                                                    91..92,
                                                                ),
                                                            ),
                                                            91..92,
                                                        ),
                                                    ),
                                                    86..92,
                                                ),
                                                (
                                                    Block(
                                                        [],
                                                        [
                                                            (
                                                                Echo(
                                                                    (
                                                                        "echo",
                                                                        107..111,
                                                                    ),
                                                                    (
                                                                        Text(
                                                                            [
                                                                                (
                                                                                    Text(
                                                                                        (
                                                                                            "y",
                                                                                            113..114,
                                                                                        ),
                                                                                    ),
                                                                                    113..114,
                                                                                ),
                                                                            ],
                                                                        ),
                                                                        112..115,
                                                                    ),
                                                                ),
                                                                107..115,
                                                            ),
                                                        ],
                                                    ),
                                                    93..125,
                                                ),
                                            ),
                                            86..125,
                                        ),
                                    ),
                                    86..125,
                                ),
                                (
                                    IfCondition(
                                        (
                                            Comment(
                                                (
                                                    Comment(
                                                        "another",
                                                    ),
                                                    134..145,
                                                ),
                                            ),
                                            134..145,
                                        ),
                                    ),
                                    134..145,
                                ),
                                (
                                    Else(
                                        (
                                            Else(
                                                (
                                                    "else",
                                                    153..157,
                                                ),
                                                (
                                                    Singleline(
                                                        (
                                                            Echo(
                                                                (
                                                                    "echo",
                                                                    159..163,
                                                                ),
                                                                (
                                                                    Text(
                                                                        [
                                                                            (
                                                                                Text(
                                                                                    (
                                                                                        "z",
                                                                                        165..166,
                                                                                    ),
                                                                                ),
                                                                                165..166,
                                                                            ),
                                                                        ],
                                                                    ),
                                                                    164..167,
                                                                ),
                                                            ),
                                                            159..167,
                                                        ),
                                                    ),
                                                    157..167,
                                                ),
                                            ),
                                            153..167,
                                        ),
                                    ),
                                    153..167,
                                ),
                                (
                                    Comment(
                                        (
                                            Comment(
                                                "comment",
                                            ),
                                            168..179,
                                        ),
                                    ),
                                    168..179,
                                ),
                                (
                                    Comment(
                                        (
                                            Comment(
                                                "super comment",
                                            ),
                                            187..204,
                                        ),
                                    ),
                                    187..204,
                                ),
                                (
                                    Comment(
                                        (
                                            DocString(
                                                "doc comment",
                                            ),
                                            212..228,
                                        ),
                                    ),
                                    212..228,
                                ),
                            ],
                        ),
                        5..233,
                    ),
                ),
                5..233,
            ),
            (
                Statement(
                    (
                        IfCondition(
                            (
                                "if",
                                239..241,
                            ),
                            (
                                IfCondition(
                                    (
                                        Ge(
                                            (
                                                Var(
                                                    (
                                                        "age",
                                                        242..245,
                                                    ),
                                                ),
                                                242..245,
                                            ),
                                            (
                                                Int(
                                                    (
                                                        16,
                                                        249..251,
                                                    ),
                                                ),
                                                249..251,
                                            ),
                                        ),
                                        242..251,
                                    ),
                                    (
                                        Singleline(
                                            (
                                                Echo(
                                                    (
                                                        "echo",
                                                        253..257,
                                                    ),
                                                    (
                                                        Text(
                                                            [
                                                                (
                                                                    Text(
                                                                        (
                                                                            "Welcome",
                                                                            259..266,
                                                                        ),
                                                                    ),
                                                                    259..266,
                                                                ),
                                                            ],
                                                        ),
                                                        258..267,
                                                    ),
                                                ),
                                                253..267,
                                            ),
                                        ),
                                        251..267,
                                    ),
                                ),
                                242..267,
                            ),
                            [
                                (
                                    Comment(
                                        "comment",
                                    ),
                                    268..279,
                                ),
                                (
                                    Comment(
                                        "comment in between",
                                    ),
                                    283..305,
                                ),
                            ],
                            Some(
                                (
                                    Else(
                                        (
                                            "else",
                                            309..313,
                                        ),
                                        (
                                            Singleline(
                                                (
                                                    Echo(
                                                        (
                                                            "echo",
                                                            315..319,
                                                        ),
                                                        (
                                                            Text(
                                                                [
                                                                    (
                                                                        Text(
                                                                            (
                                                                                "Entry",
                                                                                321..326,
                                                                            ),
                                                                        ),
                                                                        321..326,
                                                                    ),
                                                                    (
                                                                        Text(
                                                                            (
                                                                                "not",
                                                                                327..330,
                                                                            ),
                                                                        ),
                                                                        327..330,
                                                                    ),
                                                                    (
                                                                        Text(
                                                                            (
                                                                                "allowed",
                                                                                331..338,
                                                                            ),
                                                                        ),
                                                                        331..338,
                                                                    ),
                                                                ],
                                                            ),
                                                            320..339,
                                                        ),
                                                    ),
                                                    315..339,
                                                ),
                                            ),
                                            313..339,
                                        ),
                                    ),
                                    309..339,
                                ),
                            ),
                        ),
                        239..339,
                    ),
                ),
                239..339,
            ),
            (
                Statement(
                    (
                        Comment(
                            (
                                Comment(
                                    "another comment",
                                ),
                                340..359,
                            ),
                        ),
                        340..359,
                    ),
                ),
                340..359,
            ),
        ],
    ),
    [],
)
