---
source: tests/grammar/alpha050.rs
expression: parse_unwrap(&tokenize(input))
---
[
    (
        Statement(
            (
                MoveFiles(
                    [],
                    (
                        "mv",
                        5..7,
                    ),
                    (
                        Text(
                            [
                                (
                                    Text(
                                        (
                                            "/",
                                            9..10,
                                        ),
                                    ),
                                    9..10,
                                ),
                                (
                                    Text(
                                        (
                                            "tmp",
                                            10..13,
                                        ),
                                    ),
                                    10..13,
                                ),
                                (
                                    Text(
                                        (
                                            "/",
                                            13..14,
                                        ),
                                    ),
                                    13..14,
                                ),
                                (
                                    Text(
                                        (
                                            "a",
                                            14..15,
                                        ),
                                    ),
                                    14..15,
                                ),
                            ],
                        ),
                        8..16,
                    ),
                    (
                        Text(
                            [
                                (
                                    Text(
                                        (
                                            "/",
                                            18..19,
                                        ),
                                    ),
                                    18..19,
                                ),
                                (
                                    Text(
                                        (
                                            "tmp",
                                            19..22,
                                        ),
                                    ),
                                    19..22,
                                ),
                                (
                                    Text(
                                        (
                                            "/",
                                            22..23,
                                        ),
                                    ),
                                    22..23,
                                ),
                                (
                                    Text(
                                        (
                                            "b",
                                            23..24,
                                        ),
                                    ),
                                    23..24,
                                ),
                            ],
                        ),
                        17..25,
                    ),
                    [],
                ),
                5..25,
            ),
        ),
        5..25,
    ),
    (
        Statement(
            (
                MoveFiles(
                    [
                        (
                            Unsafe,
                            31..37,
                        ),
                    ],
                    (
                        "mv",
                        38..40,
                    ),
                    (
                        Text(
                            [
                                (
                                    Text(
                                        (
                                            "/",
                                            42..43,
                                        ),
                                    ),
                                    42..43,
                                ),
                                (
                                    Text(
                                        (
                                            "tmp",
                                            43..46,
                                        ),
                                    ),
                                    43..46,
                                ),
                                (
                                    Text(
                                        (
                                            "/",
                                            46..47,
                                        ),
                                    ),
                                    46..47,
                                ),
                                (
                                    Text(
                                        (
                                            "a",
                                            47..48,
                                        ),
                                    ),
                                    47..48,
                                ),
                            ],
                        ),
                        41..49,
                    ),
                    (
                        Text(
                            [
                                (
                                    Text(
                                        (
                                            "/",
                                            51..52,
                                        ),
                                    ),
                                    51..52,
                                ),
                                (
                                    Text(
                                        (
                                            "tmp",
                                            52..55,
                                        ),
                                    ),
                                    52..55,
                                ),
                                (
                                    Text(
                                        (
                                            "/",
                                            55..56,
                                        ),
                                    ),
                                    55..56,
                                ),
                                (
                                    Text(
                                        (
                                            "b",
                                            56..57,
                                        ),
                                    ),
                                    56..57,
                                ),
                            ],
                        ),
                        50..58,
                    ),
                    [],
                ),
                31..58,
            ),
        ),
        31..58,
    ),
    (
        Statement(
            (
                MoveFiles(
                    [],
                    (
                        "mv",
                        64..66,
                    ),
                    (
                        Text(
                            [
                                (
                                    Text(
                                        (
                                            "/",
                                            68..69,
                                        ),
                                    ),
                                    68..69,
                                ),
                                (
                                    Text(
                                        (
                                            "tmp",
                                            69..72,
                                        ),
                                    ),
                                    69..72,
                                ),
                                (
                                    Text(
                                        (
                                            "/",
                                            72..73,
                                        ),
                                    ),
                                    72..73,
                                ),
                                (
                                    Text(
                                        (
                                            "a",
                                            73..74,
                                        ),
                                    ),
                                    73..74,
                                ),
                            ],
                        ),
                        67..75,
                    ),
                    (
                        Text(
                            [
                                (
                                    Text(
                                        (
                                            "/",
                                            77..78,
                                        ),
                                    ),
                                    77..78,
                                ),
                                (
                                    Text(
                                        (
                                            "tmp",
                                            78..81,
                                        ),
                                    ),
                                    78..81,
                                ),
                                (
                                    Text(
                                        (
                                            "/",
                                            81..82,
                                        ),
                                    ),
                                    81..82,
                                ),
                                (
                                    Text(
                                        (
                                            "b",
                                            82..83,
                                        ),
                                    ),
                                    82..83,
                                ),
                            ],
                        ),
                        76..84,
                    ),
                    [
                        (
                            Failure(
                                (
                                    Handle(
                                        (
                                            "failed",
                                            85..91,
                                        ),
                                        None,
                                        (
                                            Block(
                                                [],
                                                [
                                                    (
                                                        Echo(
                                                            (
                                                                "echo",
                                                                102..106,
                                                            ),
                                                            (
                                                                Text(
                                                                    [
                                                                        (
                                                                            Text(
                                                                                (
                                                                                    "Error",
                                                                                    108..113,
                                                                                ),
                                                                            ),
                                                                            108..113,
                                                                        ),
                                                                    ],
                                                                ),
                                                                107..114,
                                                            ),
                                                        ),
                                                        102..114,
                                                    ),
                                                ],
                                            ),
                                            92..120,
                                        ),
                                    ),
                                    85..120,
                                ),
                            ),
                            85..120,
                        ),
                    ],
                ),
                64..120,
            ),
        ),
        64..120,
    ),
    (
        Statement(
            (
                Block(
                    (
                        Block(
                            [
                                (
                                    Unsafe,
                                    126..132,
                                ),
                            ],
                            [
                                (
                                    MoveFiles(
                                        [],
                                        (
                                            "mv",
                                            143..145,
                                        ),
                                        (
                                            Text(
                                                [
                                                    (
                                                        Text(
                                                            (
                                                                "/",
                                                                147..148,
                                                            ),
                                                        ),
                                                        147..148,
                                                    ),
                                                    (
                                                        Text(
                                                            (
                                                                "tmp",
                                                                148..151,
                                                            ),
                                                        ),
                                                        148..151,
                                                    ),
                                                    (
                                                        Text(
                                                            (
                                                                "/",
                                                                151..152,
                                                            ),
                                                        ),
                                                        151..152,
                                                    ),
                                                    (
                                                        Text(
                                                            (
                                                                "a",
                                                                152..153,
                                                            ),
                                                        ),
                                                        152..153,
                                                    ),
                                                ],
                                            ),
                                            146..154,
                                        ),
                                        (
                                            Text(
                                                [
                                                    (
                                                        Text(
                                                            (
                                                                "/",
                                                                156..157,
                                                            ),
                                                        ),
                                                        156..157,
                                                    ),
                                                    (
                                                        Text(
                                                            (
                                                                "tmp",
                                                                157..160,
                                                            ),
                                                        ),
                                                        157..160,
                                                    ),
                                                    (
                                                        Text(
                                                            (
                                                                "/",
                                                                160..161,
                                                            ),
                                                        ),
                                                        160..161,
                                                    ),
                                                    (
                                                        Text(
                                                            (
                                                                "b",
                                                                161..162,
                                                            ),
                                                        ),
                                                        161..162,
                                                    ),
                                                ],
                                            ),
                                            155..163,
                                        ),
                                        [],
                                    ),
                                    143..163,
                                ),
                            ],
                        ),
                        126..169,
                    ),
                ),
                126..169,
            ),
        ),
        126..169,
    ),
]
