---
source: tests/grammar/alpha050.rs
expression: parse_unwrap(&tokenize(&stdlib))
---
[
    (
        Statement(
            (
                Comment(
                    (
                        DocString(
                            "Returns index of the first value found in the specified array.",
                        ),
                        0..67,
                    ),
                ),
                0..67,
            ),
        ),
        0..67,
    ),
    (
        Statement(
            (
                Comment(
                    (
                        DocString(
                            "",
                        ),
                        67..71,
                    ),
                ),
                67..71,
            ),
        ),
        67..71,
    ),
    (
        Statement(
            (
                Comment(
                    (
                        DocString(
                            "If the value is not found, the function returns -1.",
                        ),
                        71..127,
                    ),
                ),
                71..127,
            ),
        ),
        71..127,
    ),
    (
        FunctionDefinition(
            [],
            (
                true,
                127..130,
            ),
            (
                "fun",
                131..134,
            ),
            (
                "array_find",
                135..145,
            ),
            [
                (
                    Generic(
                        (
                            false,
                            146..146,
                        ),
                        (
                            "array",
                            146..151,
                        ),
                    ),
                    146..151,
                ),
                (
                    Generic(
                        (
                            false,
                            153..152,
                        ),
                        (
                            "value",
                            153..158,
                        ),
                    ),
                    153..158,
                ),
            ],
            Some(
                (
                    Int,
                    161..164,
                ),
            ),
            [
                (
                    IterLoop(
                        (
                            "for",
                            171..174,
                        ),
                        (
                            WithIndex(
                                (
                                    "index",
                                    175..180,
                                ),
                                (
                                    "element",
                                    182..189,
                                ),
                            ),
                            175..189,
                        ),
                        (
                            "in",
                            190..192,
                        ),
                        (
                            Var(
                                (
                                    "array",
                                    193..198,
                                ),
                            ),
                            193..198,
                        ),
                        (
                            Block(
                                [],
                                [
                                    (
                                        IfCondition(
                                            (
                                                "if",
                                                209..211,
                                            ),
                                            (
                                                IfCondition(
                                                    (
                                                        Eq(
                                                            (
                                                                Cast(
                                                                    (
                                                                        Var(
                                                                            (
                                                                                "value",
                                                                                212..217,
                                                                            ),
                                                                        ),
                                                                        212..217,
                                                                    ),
                                                                    (
                                                                        "as",
                                                                        218..220,
                                                                    ),
                                                                    (
                                                                        Text,
                                                                        221..225,
                                                                    ),
                                                                ),
                                                                212..225,
                                                            ),
                                                            (
                                                                Cast(
                                                                    (
                                                                        Var(
                                                                            (
                                                                                "element",
                                                                                229..236,
                                                                            ),
                                                                        ),
                                                                        229..236,
                                                                    ),
                                                                    (
                                                                        "as",
                                                                        237..239,
                                                                    ),
                                                                    (
                                                                        Text,
                                                                        240..244,
                                                                    ),
                                                                ),
                                                                229..244,
                                                            ),
                                                        ),
                                                        212..244,
                                                    ),
                                                    (
                                                        Block(
                                                            [],
                                                            [
                                                                (
                                                                    Return(
                                                                        (
                                                                            "return",
                                                                            259..265,
                                                                        ),
                                                                        Some(
                                                                            (
                                                                                Var(
                                                                                    (
                                                                                        "index",
                                                                                        266..271,
                                                                                    ),
                                                                                ),
                                                                                266..271,
                                                                            ),
                                                                        ),
                                                                    ),
                                                                    259..271,
                                                                ),
                                                            ],
                                                        ),
                                                        245..281,
                                                    ),
                                                ),
                                                212..281,
                                            ),
                                            [],
                                            None,
                                        ),
                                        209..281,
                                    ),
                                ],
                            ),
                            199..287,
                        ),
                    ),
                    171..287,
                ),
                (
                    Return(
                        (
                            "return",
                            292..298,
                        ),
                        Some(
                            (
                                Neg(
                                    (
                                        "-",
                                        299..300,
                                    ),
                                    (
                                        Int(
                                            (
                                                1,
                                                300..301,
                                            ),
                                        ),
                                        300..301,
                                    ),
                                ),
                                300..301,
                            ),
                        ),
                    ),
                    292..301,
                ),
            ],
        ),
        127..303,
    ),
    (
        Statement(
            (
                Comment(
                    (
                        DocString(
                            "Searches for a value in an array and returns an array with the index of the various items.",
                        ),
                        305..400,
                    ),
                ),
                305..400,
            ),
        ),
        305..400,
    ),
    (
        FunctionDefinition(
            [],
            (
                true,
                400..403,
            ),
            (
                "fun",
                404..407,
            ),
            (
                "array_find_all",
                408..422,
            ),
            [
                (
                    Generic(
                        (
                            false,
                            423..423,
                        ),
                        (
                            "array",
                            423..428,
                        ),
                    ),
                    423..428,
                ),
                (
                    Generic(
                        (
                            false,
                            430..429,
                        ),
                        (
                            "value",
                            430..435,
                        ),
                    ),
                    430..435,
                ),
            ],
            Some(
                (
                    [Int],
                    438..443,
                ),
            ),
            [
                (
                    VariableInit(
                        (
                            "let",
                            450..453,
                        ),
                        (
                            "result",
                            454..460,
                        ),
                        (
                            DataType(
                                (
                                    [Int],
                                    463..468,
                                ),
                            ),
                            463..468,
                        ),
                    ),
                    450..468,
                ),
                (
                    IterLoop(
                        (
                            "for",
                            473..476,
                        ),
                        (
                            WithIndex(
                                (
                                    "index",
                                    477..482,
                                ),
                                (
                                    "element",
                                    484..491,
                                ),
                            ),
                            477..491,
                        ),
                        (
                            "in",
                            492..494,
                        ),
                        (
                            Var(
                                (
                                    "array",
                                    495..500,
                                ),
                            ),
                            495..500,
                        ),
                        (
                            Block(
                                [],
                                [
                                    (
                                        IfCondition(
                                            (
                                                "if",
                                                511..513,
                                            ),
                                            (
                                                IfCondition(
                                                    (
                                                        Eq(
                                                            (
                                                                Cast(
                                                                    (
                                                                        Var(
                                                                            (
                                                                                "value",
                                                                                514..519,
                                                                            ),
                                                                        ),
                                                                        514..519,
                                                                    ),
                                                                    (
                                                                        "as",
                                                                        520..522,
                                                                    ),
                                                                    (
                                                                        Text,
                                                                        523..527,
                                                                    ),
                                                                ),
                                                                514..527,
                                                            ),
                                                            (
                                                                Cast(
                                                                    (
                                                                        Var(
                                                                            (
                                                                                "element",
                                                                                531..538,
                                                                            ),
                                                                        ),
                                                                        531..538,
                                                                    ),
                                                                    (
                                                                        "as",
                                                                        539..541,
                                                                    ),
                                                                    (
                                                                        Text,
                                                                        542..546,
                                                                    ),
                                                                ),
                                                                531..546,
                                                            ),
                                                        ),
                                                        514..546,
                                                    ),
                                                    (
                                                        Block(
                                                            [],
                                                            [
                                                                (
                                                                    ShorthandAdd(
                                                                        (
                                                                            "result",
                                                                            561..567,
                                                                        ),
                                                                        (
                                                                            Array(
                                                                                [
                                                                                    (
                                                                                        Var(
                                                                                            (
                                                                                                "index",
                                                                                                572..577,
                                                                                            ),
                                                                                        ),
                                                                                        572..577,
                                                                                    ),
                                                                                ],
                                                                            ),
                                                                            571..578,
                                                                        ),
                                                                    ),
                                                                    561..578,
                                                                ),
                                                            ],
                                                        ),
                                                        547..588,
                                                    ),
                                                ),
                                                514..588,
                                            ),
                                            [],
                                            None,
                                        ),
                                        511..588,
                                    ),
                                ],
                            ),
                            501..594,
                        ),
                    ),
                    473..594,
                ),
                (
                    Return(
                        (
                            "return",
                            599..605,
                        ),
                        Some(
                            (
                                Var(
                                    (
                                        "result",
                                        606..612,
                                    ),
                                ),
                                606..612,
                            ),
                        ),
                    ),
                    599..612,
                ),
            ],
        ),
        400..614,
    ),
    (
        Statement(
            (
                Comment(
                    (
                        DocString(
                            "Checks if a value is in the array.",
                        ),
                        616..655,
                    ),
                ),
                616..655,
            ),
        ),
        616..655,
    ),
    (
        FunctionDefinition(
            [],
            (
                true,
                655..658,
            ),
            (
                "fun",
                659..662,
            ),
            (
                "array_contains",
                663..677,
            ),
            [
                (
                    Generic(
                        (
                            false,
                            678..678,
                        ),
                        (
                            "array",
                            678..683,
                        ),
                    ),
                    678..683,
                ),
                (
                    Generic(
                        (
                            false,
                            685..684,
                        ),
                        (
                            "value",
                            685..690,
                        ),
                    ),
                    685..690,
                ),
            ],
            None,
            [
                (
                    VariableInit(
                        (
                            "let",
                            698..701,
                        ),
                        (
                            "result",
                            702..708,
                        ),
                        (
                            Expression(
                                (
                                    FunctionInvocation(
                                        [],
                                        (
                                            "array_find",
                                            711..721,
                                        ),
                                        [
                                            (
                                                Var(
                                                    (
                                                        "array",
                                                        722..727,
                                                    ),
                                                ),
                                                722..727,
                                            ),
                                            (
                                                Var(
                                                    (
                                                        "value",
                                                        729..734,
                                                    ),
                                                ),
                                                729..734,
                                            ),
                                        ],
                                        [],
                                    ),
                                    711..735,
                                ),
                            ),
                            711..735,
                        ),
                    ),
                    698..735,
                ),
                (
                    Return(
                        (
                            "return",
                            740..746,
                        ),
                        Some(
                            (
                                Ge(
                                    (
                                        Var(
                                            (
                                                "result",
                                                747..753,
                                            ),
                                        ),
                                        747..753,
                                    ),
                                    (
                                        Int(
                                            (
                                                0,
                                                757..758,
                                            ),
                                        ),
                                        757..758,
                                    ),
                                ),
                                747..758,
                            ),
                        ),
                    ),
                    740..758,
                ),
            ],
        ),
        655..760,
    ),
    (
        Statement(
            (
                Comment(
                    (
                        DocString(
                            "Returns the first element in the array; if the array is empty, the return",
                        ),
                        762..840,
                    ),
                ),
                762..840,
            ),
        ),
        762..840,
    ),
    (
        Statement(
            (
                Comment(
                    (
                        DocString(
                            "value is undefined.",
                        ),
                        840..864,
                    ),
                ),
                840..864,
            ),
        ),
        840..864,
    ),
    (
        FunctionDefinition(
            [],
            (
                true,
                864..867,
            ),
            (
                "fun",
                868..871,
            ),
            (
                "array_first",
                872..883,
            ),
            [
                (
                    Generic(
                        (
                            false,
                            884..884,
                        ),
                        (
                            "array",
                            884..889,
                        ),
                    ),
                    884..889,
                ),
            ],
            None,
            [
                (
                    Return(
                        (
                            "return",
                            897..903,
                        ),
                        Some(
                            (
                                ArrayIndex(
                                    (
                                        Var(
                                            (
                                                "array",
                                                904..909,
                                            ),
                                        ),
                                        904..909,
                                    ),
                                    (
                                        Int(
                                            (
                                                0,
                                                910..911,
                                            ),
                                        ),
                                        910..911,
                                    ),
                                ),
                                904..911,
                            ),
                        ),
                    ),
                    897..912,
                ),
            ],
        ),
        864..914,
    ),
    (
        Statement(
            (
                Comment(
                    (
                        DocString(
                            "Returns the last element in the array; if the array is empty, the return",
                        ),
                        916..993,
                    ),
                ),
                916..993,
            ),
        ),
        916..993,
    ),
    (
        Statement(
            (
                Comment(
                    (
                        DocString(
                            "value is undefined.",
                        ),
                        993..1017,
                    ),
                ),
                993..1017,
            ),
        ),
        993..1017,
    ),
    (
        FunctionDefinition(
            [],
            (
                true,
                1017..1020,
            ),
            (
                "fun",
                1021..1024,
            ),
            (
                "array_last",
                1025..1035,
            ),
            [
                (
                    Generic(
                        (
                            false,
                            1036..1036,
                        ),
                        (
                            "array",
                            1036..1041,
                        ),
                    ),
                    1036..1041,
                ),
            ],
            None,
            [
                (
                    VariableInit(
                        (
                            "let",
                            1049..1052,
                        ),
                        (
                            "index",
                            1053..1058,
                        ),
                        (
                            Expression(
                                (
                                    Subtract(
                                        (
                                            FunctionInvocation(
                                                [],
                                                (
                                                    "len",
                                                    1061..1064,
                                                ),
                                                [
                                                    (
                                                        Var(
                                                            (
                                                                "array",
                                                                1065..1070,
                                                            ),
                                                        ),
                                                        1065..1070,
                                                    ),
                                                ],
                                                [],
                                            ),
                                            1061..1071,
                                        ),
                                        (
                                            Int(
                                                (
                                                    1,
                                                    1074..1075,
                                                ),
                                            ),
                                            1074..1075,
                                        ),
                                    ),
                                    1061..1075,
                                ),
                            ),
                            1061..1075,
                        ),
                    ),
                    1049..1075,
                ),
                (
                    IfCondition(
                        (
                            "if",
                            1080..1082,
                        ),
                        (
                            IfCondition(
                                (
                                    Lt(
                                        (
                                            Var(
                                                (
                                                    "index",
                                                    1083..1088,
                                                ),
                                            ),
                                            1083..1088,
                                        ),
                                        (
                                            Int(
                                                (
                                                    0,
                                                    1091..1092,
                                                ),
                                            ),
                                            1091..1092,
                                        ),
                                    ),
                                    1083..1092,
                                ),
                                (
                                    Singleline(
                                        (
                                            Fail(
                                                (
                                                    "fail",
                                                    1102..1106,
                                                ),
                                                Some(
                                                    (
                                                        Int(
                                                            (
                                                                1,
                                                                1107..1108,
                                                            ),
                                                        ),
                                                        1107..1108,
                                                    ),
                                                ),
                                            ),
                                            1102..1108,
                                        ),
                                    ),
                                    1092..1108,
                                ),
                            ),
                            1083..1108,
                        ),
                        [],
                        None,
                    ),
                    1080..1108,
                ),
                (
                    Return(
                        (
                            "return",
                            1113..1119,
                        ),
                        Some(
                            (
                                ArrayIndex(
                                    (
                                        Var(
                                            (
                                                "array",
                                                1120..1125,
                                            ),
                                        ),
                                        1120..1125,
                                    ),
                                    (
                                        Var(
                                            (
                                                "index",
                                                1126..1131,
                                            ),
                                        ),
                                        1126..1131,
                                    ),
                                ),
                                1120..1131,
                            ),
                        ),
                    ),
                    1113..1132,
                ),
            ],
        ),
        1017..1134,
    ),
    (
        Statement(
            (
                Comment(
                    (
                        DocString(
                            "Removes an element at the index from the array; if the index is negative",
                        ),
                        1136..1213,
                    ),
                ),
                1136..1213,
            ),
        ),
        1136..1213,
    ),
    (
        Statement(
            (
                Comment(
                    (
                        DocString(
                            "or beyond the end, the return value is undefined, but the array will be",
                        ),
                        1213..1289,
                    ),
                ),
                1213..1289,
            ),
        ),
        1213..1289,
    ),
    (
        Statement(
            (
                Comment(
                    (
                        DocString(
                            "unchanged.",
                        ),
                        1289..1304,
                    ),
                ),
                1289..1304,
            ),
        ),
        1289..1304,
    ),
    (
        FunctionDefinition(
            [],
            (
                true,
                1304..1307,
            ),
            (
                "fun",
                1308..1311,
            ),
            (
                "array_remove_at",
                1312..1327,
            ),
            [
                (
                    Typed(
                        (
                            true,
                            1328..1331,
                        ),
                        (
                            "array",
                            1332..1337,
                        ),
                        (
                            [Any],
                            1339..1341,
                        ),
                    ),
                    1328..1341,
                ),
                (
                    Typed(
                        (
                            false,
                            1343..1342,
                        ),
                        (
                            "index",
                            1343..1348,
                        ),
                        (
                            Int,
                            1350..1353,
                        ),
                    ),
                    1343..1353,
                ),
            ],
            Some(
                (
                    Null,
                    1356..1360,
                ),
            ),
            [
                (
                    VariableInit(
                        (
                            "let",
                            1367..1370,
                        ),
                        (
                            "offset",
                            1371..1377,
                        ),
                        (
                            Expression(
                                (
                                    Add(
                                        (
                                            Var(
                                                (
                                                    "index",
                                                    1380..1385,
                                                ),
                                            ),
                                            1380..1385,
                                        ),
                                        (
                                            Int(
                                                (
                                                    1,
                                                    1388..1389,
                                                ),
                                            ),
                                            1388..1389,
                                        ),
                                    ),
                                    1380..1389,
                                ),
                            ),
                            1380..1389,
                        ),
                    ),
                    1367..1389,
                ),
                (
                    VariableInit(
                        (
                            "let",
                            1394..1397,
                        ),
                        (
                            "length",
                            1398..1404,
                        ),
                        (
                            Expression(
                                (
                                    FunctionInvocation(
                                        [],
                                        (
                                            "len",
                                            1407..1410,
                                        ),
                                        [
                                            (
                                                Var(
                                                    (
                                                        "array",
                                                        1411..1416,
                                                    ),
                                                ),
                                                1411..1416,
                                            ),
                                        ],
                                        [],
                                    ),
                                    1407..1417,
                                ),
                            ),
                            1407..1417,
                        ),
                    ),
                    1394..1417,
                ),
                (
                    VariableSet(
                        (
                            "array",
                            1422..1427,
                        ),
                        (
                            Add(
                                (
                                    ArrayIndex(
                                        (
                                            Var(
                                                (
                                                    "array",
                                                    1430..1435,
                                                ),
                                            ),
                                            1430..1435,
                                        ),
                                        (
                                            Range(
                                                (
                                                    Int(
                                                        (
                                                            0,
                                                            1436..1437,
                                                        ),
                                                    ),
                                                    1436..1437,
                                                ),
                                                (
                                                    Var(
                                                        (
                                                            "index",
                                                            1439..1444,
                                                        ),
                                                    ),
                                                    1439..1444,
                                                ),
                                            ),
                                            1436..1444,
                                        ),
                                    ),
                                    1430..1444,
                                ),
                                (
                                    ArrayIndex(
                                        (
                                            Var(
                                                (
                                                    "array",
                                                    1448..1453,
                                                ),
                                            ),
                                            1448..1453,
                                        ),
                                        (
                                            Range(
                                                (
                                                    Var(
                                                        (
                                                            "offset",
                                                            1454..1460,
                                                        ),
                                                    ),
                                                    1454..1460,
                                                ),
                                                (
                                                    Var(
                                                        (
                                                            "length",
                                                            1462..1468,
                                                        ),
                                                    ),
                                                    1462..1468,
                                                ),
                                            ),
                                            1454..1468,
                                        ),
                                    ),
                                    1448..1468,
                                ),
                            ),
                            1430..1468,
                        ),
                    ),
                    1422..1469,
                ),
            ],
        ),
        1304..1471,
    ),
    (
        Statement(
            (
                Comment(
                    (
                        DocString(
                            "Removes an element at the index from the array, and returns it",
                        ),
                        1473..1540,
                    ),
                ),
                1473..1540,
            ),
        ),
        1473..1540,
    ),
    (
        FunctionDefinition(
            [],
            (
                true,
                1540..1543,
            ),
            (
                "fun",
                1544..1547,
            ),
            (
                "array_extract_at",
                1548..1564,
            ),
            [
                (
                    Typed(
                        (
                            true,
                            1565..1568,
                        ),
                        (
                            "array",
                            1569..1574,
                        ),
                        (
                            [Any],
                            1576..1578,
                        ),
                    ),
                    1565..1578,
                ),
                (
                    Typed(
                        (
                            false,
                            1580..1579,
                        ),
                        (
                            "index",
                            1580..1585,
                        ),
                        (
                            Int,
                            1587..1590,
                        ),
                    ),
                    1580..1590,
                ),
            ],
            None,
            [
                (
                    IfCondition(
                        (
                            "if",
                            1598..1600,
                        ),
                        (
                            IfCondition(
                                (
                                    Or(
                                        (
                                            Lt(
                                                (
                                                    Var(
                                                        (
                                                            "index",
                                                            1601..1606,
                                                        ),
                                                    ),
                                                    1601..1606,
                                                ),
                                                (
                                                    Int(
                                                        (
                                                            0,
                                                            1609..1610,
                                                        ),
                                                    ),
                                                    1609..1610,
                                                ),
                                            ),
                                            1601..1610,
                                        ),
                                        (
                                            "or",
                                            1611..1613,
                                        ),
                                        (
                                            Ge(
                                                (
                                                    Var(
                                                        (
                                                            "index",
                                                            1614..1619,
                                                        ),
                                                    ),
                                                    1614..1619,
                                                ),
                                                (
                                                    FunctionInvocation(
                                                        [],
                                                        (
                                                            "len",
                                                            1623..1626,
                                                        ),
                                                        [
                                                            (
                                                                Var(
                                                                    (
                                                                        "array",
                                                                        1627..1632,
                                                                    ),
                                                                ),
                                                                1627..1632,
                                                            ),
                                                        ],
                                                        [],
                                                    ),
                                                    1623..1633,
                                                ),
                                            ),
                                            1614..1633,
                                        ),
                                    ),
                                    1601..1633,
                                ),
                                (
                                    Singleline(
                                        (
                                            Fail(
                                                (
                                                    "fail",
                                                    1643..1647,
                                                ),
                                                Some(
                                                    (
                                                        Int(
                                                            (
                                                                1,
                                                                1648..1649,
                                                            ),
                                                        ),
                                                        1648..1649,
                                                    ),
                                                ),
                                            ),
                                            1643..1649,
                                        ),
                                    ),
                                    1633..1649,
                                ),
                            ),
                            1601..1649,
                        ),
                        [],
                        None,
                    ),
                    1598..1649,
                ),
                (
                    VariableInit(
                        (
                            "let",
                            1654..1657,
                        ),
                        (
                            "element",
                            1658..1665,
                        ),
                        (
                            Expression(
                                (
                                    ArrayIndex(
                                        (
                                            Var(
                                                (
                                                    "array",
                                                    1668..1673,
                                                ),
                                            ),
                                            1668..1673,
                                        ),
                                        (
                                            Var(
                                                (
                                                    "index",
                                                    1674..1679,
                                                ),
                                            ),
                                            1674..1679,
                                        ),
                                    ),
                                    1668..1679,
                                ),
                            ),
                            1668..1680,
                        ),
                    ),
                    1654..1680,
                ),
                (
                    VariableInit(
                        (
                            "let",
                            1685..1688,
                        ),
                        (
                            "offset",
                            1689..1695,
                        ),
                        (
                            Expression(
                                (
                                    Add(
                                        (
                                            Var(
                                                (
                                                    "index",
                                                    1698..1703,
                                                ),
                                            ),
                                            1698..1703,
                                        ),
                                        (
                                            Int(
                                                (
                                                    1,
                                                    1706..1707,
                                                ),
                                            ),
                                            1706..1707,
                                        ),
                                    ),
                                    1698..1707,
                                ),
                            ),
                            1698..1707,
                        ),
                    ),
                    1685..1707,
                ),
                (
                    VariableInit(
                        (
                            "let",
                            1712..1715,
                        ),
                        (
                            "length",
                            1716..1722,
                        ),
                        (
                            Expression(
                                (
                                    FunctionInvocation(
                                        [],
                                        (
                                            "len",
                                            1725..1728,
                                        ),
                                        [
                                            (
                                                Var(
                                                    (
                                                        "array",
                                                        1729..1734,
                                                    ),
                                                ),
                                                1729..1734,
                                            ),
                                        ],
                                        [],
                                    ),
                                    1725..1735,
                                ),
                            ),
                            1725..1735,
                        ),
                    ),
                    1712..1735,
                ),
                (
                    VariableSet(
                        (
                            "array",
                            1740..1745,
                        ),
                        (
                            Add(
                                (
                                    ArrayIndex(
                                        (
                                            Var(
                                                (
                                                    "array",
                                                    1748..1753,
                                                ),
                                            ),
                                            1748..1753,
                                        ),
                                        (
                                            Range(
                                                (
                                                    Int(
                                                        (
                                                            0,
                                                            1754..1755,
                                                        ),
                                                    ),
                                                    1754..1755,
                                                ),
                                                (
                                                    Var(
                                                        (
                                                            "index",
                                                            1757..1762,
                                                        ),
                                                    ),
                                                    1757..1762,
                                                ),
                                            ),
                                            1754..1762,
                                        ),
                                    ),
                                    1748..1762,
                                ),
                                (
                                    ArrayIndex(
                                        (
                                            Var(
                                                (
                                                    "array",
                                                    1766..1771,
                                                ),
                                            ),
                                            1766..1771,
                                        ),
                                        (
                                            Range(
                                                (
                                                    Var(
                                                        (
                                                            "offset",
                                                            1772..1778,
                                                        ),
                                                    ),
                                                    1772..1778,
                                                ),
                                                (
                                                    Var(
                                                        (
                                                            "length",
                                                            1780..1786,
                                                        ),
                                                    ),
                                                    1780..1786,
                                                ),
                                            ),
                                            1772..1786,
                                        ),
                                    ),
                                    1766..1786,
                                ),
                            ),
                            1748..1786,
                        ),
                    ),
                    1740..1787,
                ),
                (
                    Return(
                        (
                            "return",
                            1792..1798,
                        ),
                        Some(
                            (
                                Var(
                                    (
                                        "element",
                                        1799..1806,
                                    ),
                                ),
                                1799..1806,
                            ),
                        ),
                    ),
                    1792..1806,
                ),
            ],
        ),
        1540..1808,
    ),
    (
        Statement(
            (
                Comment(
                    (
                        DocString(
                            "Removes the last element from the array, and returns it; if the array",
                        ),
                        1810..1884,
                    ),
                ),
                1810..1884,
            ),
        ),
        1810..1884,
    ),
    (
        Statement(
            (
                Comment(
                    (
                        DocString(
                            "is empty, the return value is undefined, but the array will be unchanged.",
                        ),
                        1884..1962,
                    ),
                ),
                1884..1962,
            ),
        ),
        1884..1962,
    ),
    (
        FunctionDefinition(
            [],
            (
                true,
                1962..1965,
            ),
            (
                "fun",
                1966..1969,
            ),
            (
                "array_pop",
                1970..1979,
            ),
            [
                (
                    Typed(
                        (
                            true,
                            1980..1983,
                        ),
                        (
                            "array",
                            1984..1989,
                        ),
                        (
                            [Any],
                            1991..1993,
                        ),
                    ),
                    1980..1993,
                ),
            ],
            None,
            [
                (
                    VariableInit(
                        (
                            "let",
                            2001..2004,
                        ),
                        (
                            "length",
                            2005..2011,
                        ),
                        (
                            Expression(
                                (
                                    FunctionInvocation(
                                        [],
                                        (
                                            "len",
                                            2014..2017,
                                        ),
                                        [
                                            (
                                                Var(
                                                    (
                                                        "array",
                                                        2018..2023,
                                                    ),
                                                ),
                                                2018..2023,
                                            ),
                                        ],
                                        [],
                                    ),
                                    2014..2024,
                                ),
                            ),
                            2014..2024,
                        ),
                    ),
                    2001..2024,
                ),
                (
                    VariableInit(
                        (
                            "let",
                            2029..2032,
                        ),
                        (
                            "index",
                            2033..2038,
                        ),
                        (
                            Expression(
                                (
                                    Subtract(
                                        (
                                            Var(
                                                (
                                                    "length",
                                                    2041..2047,
                                                ),
                                            ),
                                            2041..2047,
                                        ),
                                        (
                                            Int(
                                                (
                                                    1,
                                                    2050..2051,
                                                ),
                                            ),
                                            2050..2051,
                                        ),
                                    ),
                                    2041..2051,
                                ),
                            ),
                            2041..2051,
                        ),
                    ),
                    2029..2051,
                ),
                (
                    IfCondition(
                        (
                            "if",
                            2056..2058,
                        ),
                        (
                            IfCondition(
                                (
                                    Lt(
                                        (
                                            Var(
                                                (
                                                    "index",
                                                    2059..2064,
                                                ),
                                            ),
                                            2059..2064,
                                        ),
                                        (
                                            Int(
                                                (
                                                    0,
                                                    2067..2068,
                                                ),
                                            ),
                                            2067..2068,
                                        ),
                                    ),
                                    2059..2068,
                                ),
                                (
                                    Singleline(
                                        (
                                            Fail(
                                                (
                                                    "fail",
                                                    2078..2082,
                                                ),
                                                Some(
                                                    (
                                                        Int(
                                                            (
                                                                1,
                                                                2083..2084,
                                                            ),
                                                        ),
                                                        2083..2084,
                                                    ),
                                                ),
                                            ),
                                            2078..2084,
                                        ),
                                    ),
                                    2068..2084,
                                ),
                            ),
                            2059..2084,
                        ),
                        [],
                        None,
                    ),
                    2056..2084,
                ),
                (
                    VariableInit(
                        (
                            "let",
                            2089..2092,
                        ),
                        (
                            "element",
                            2093..2100,
                        ),
                        (
                            Expression(
                                (
                                    ArrayIndex(
                                        (
                                            Var(
                                                (
                                                    "array",
                                                    2103..2108,
                                                ),
                                            ),
                                            2103..2108,
                                        ),
                                        (
                                            Var(
                                                (
                                                    "index",
                                                    2109..2114,
                                                ),
                                            ),
                                            2109..2114,
                                        ),
                                    ),
                                    2103..2114,
                                ),
                            ),
                            2103..2115,
                        ),
                    ),
                    2089..2115,
                ),
                (
                    VariableSet(
                        (
                            "array",
                            2120..2125,
                        ),
                        (
                            ArrayIndex(
                                (
                                    Var(
                                        (
                                            "array",
                                            2128..2133,
                                        ),
                                    ),
                                    2128..2133,
                                ),
                                (
                                    Range(
                                        (
                                            Int(
                                                (
                                                    0,
                                                    2134..2135,
                                                ),
                                            ),
                                            2134..2135,
                                        ),
                                        (
                                            Var(
                                                (
                                                    "index",
                                                    2137..2142,
                                                ),
                                            ),
                                            2137..2142,
                                        ),
                                    ),
                                    2134..2142,
                                ),
                            ),
                            2128..2142,
                        ),
                    ),
                    2120..2143,
                ),
                (
                    Return(
                        (
                            "return",
                            2148..2154,
                        ),
                        Some(
                            (
                                Var(
                                    (
                                        "element",
                                        2155..2162,
                                    ),
                                ),
                                2155..2162,
                            ),
                        ),
                    ),
                    2148..2162,
                ),
            ],
        ),
        1962..2164,
    ),
    (
        Statement(
            (
                Comment(
                    (
                        DocString(
                            "Removes the first element from the array, and returns it; if the array",
                        ),
                        2166..2241,
                    ),
                ),
                2166..2241,
            ),
        ),
        2166..2241,
    ),
    (
        Statement(
            (
                Comment(
                    (
                        DocString(
                            "is empty, the return value is undefined, but the array will be unchanged.",
                        ),
                        2241..2319,
                    ),
                ),
                2241..2319,
            ),
        ),
        2241..2319,
    ),
    (
        FunctionDefinition(
            [],
            (
                true,
                2319..2322,
            ),
            (
                "fun",
                2323..2326,
            ),
            (
                "array_shift",
                2327..2338,
            ),
            [
                (
                    Typed(
                        (
                            true,
                            2339..2342,
                        ),
                        (
                            "array",
                            2343..2348,
                        ),
                        (
                            [Any],
                            2350..2352,
                        ),
                    ),
                    2339..2352,
                ),
            ],
            None,
            [
                (
                    VariableInit(
                        (
                            "let",
                            2360..2363,
                        ),
                        (
                            "length",
                            2364..2370,
                        ),
                        (
                            Expression(
                                (
                                    FunctionInvocation(
                                        [],
                                        (
                                            "len",
                                            2373..2376,
                                        ),
                                        [
                                            (
                                                Var(
                                                    (
                                                        "array",
                                                        2377..2382,
                                                    ),
                                                ),
                                                2377..2382,
                                            ),
                                        ],
                                        [],
                                    ),
                                    2373..2383,
                                ),
                            ),
                            2373..2383,
                        ),
                    ),
                    2360..2383,
                ),
                (
                    VariableInit(
                        (
                            "let",
                            2388..2391,
                        ),
                        (
                            "element",
                            2392..2399,
                        ),
                        (
                            Expression(
                                (
                                    ArrayIndex(
                                        (
                                            Var(
                                                (
                                                    "array",
                                                    2402..2407,
                                                ),
                                            ),
                                            2402..2407,
                                        ),
                                        (
                                            Int(
                                                (
                                                    0,
                                                    2408..2409,
                                                ),
                                            ),
                                            2408..2409,
                                        ),
                                    ),
                                    2402..2409,
                                ),
                            ),
                            2402..2410,
                        ),
                    ),
                    2388..2410,
                ),
                (
                    VariableSet(
                        (
                            "array",
                            2415..2420,
                        ),
                        (
                            ArrayIndex(
                                (
                                    Var(
                                        (
                                            "array",
                                            2423..2428,
                                        ),
                                    ),
                                    2423..2428,
                                ),
                                (
                                    Range(
                                        (
                                            Int(
                                                (
                                                    1,
                                                    2429..2430,
                                                ),
                                            ),
                                            2429..2430,
                                        ),
                                        (
                                            Var(
                                                (
                                                    "length",
                                                    2432..2438,
                                                ),
                                            ),
                                            2432..2438,
                                        ),
                                    ),
                                    2429..2438,
                                ),
                            ),
                            2423..2438,
                        ),
                    ),
                    2415..2439,
                ),
                (
                    Return(
                        (
                            "return",
                            2444..2450,
                        ),
                        Some(
                            (
                                Var(
                                    (
                                        "element",
                                        2451..2458,
                                    ),
                                ),
                                2451..2458,
                            ),
                        ),
                    ),
                    2444..2458,
                ),
            ],
        ),
        2319..2460,
    ),
]
