---
source: crates/server/tests/analysis/alpha060.rs
expression: backend.files.errors
---
{
    (
        FileId(
            0,
        ),
        FileVersion(
            1,
        ),
    ): [
        (
            "found '|' expected '?', or '{'",
            22..23,
        ),
        (
            "found '|' expected something else, '}', import statement, function definition, main body, test block, public const array destructuring, public variable array destructuring, public const declaration, public variable declaration, or statement",
            22..23,
        ),
        (
            "found 'Text' expected import statement, function definition, main body, test block, public const array destructuring, public variable array destructuring, public const declaration, public variable declaration, or statement",
            24..28,
        ),
        (
            "Function returns type Null, but expected Int",
            18..21,
        ),
        (
            "Return statement outside of function",
            35..44,
        ),
    ],
}
