---
source: crates/server/tests/analysis/alpha060.rs
expression: backend.files.errors
---
{
    (
        FileId(
            0,
        ),
        FileVersion(
            1,
        ),
    ): [
        (
            "Public mutable variables require #[allow_public_mutable]",
            1..4,
        ),
    ],
}
